C:\Users\yanie\AppData\Roaming\npm\node_modules\bun\bin\bun.exe : $ bun run setup-ffmpeg && bun run sync-skills
At line:1 char:44
+ ... fresh\qcut; C:\Users\yanie\AppData\Roaming\npm\node_modules\bun\bin\b ...
+                 ~~~~~~~~~~~~~~~~~~~~~~~~~~~~~~~~~~~~~~~~~~~~~~~~~~~~~~~~~
    + CategoryInfo          : NotSpecified: ($ bun run setup...run sync-skills:String) [], RemoteException
    + FullyQualifiedErrorId : NativeCommandError
 
$ bun scripts/setup-ffmpeg.ts
≡ƒöº Setting up FFmpeg WebAssembly files...
≡ƒôª Resolved @ffmpeg/core path: C:\Users\yanie\Desktop\qcut-fresh\qcut\node_modules\.bun\@ffmpeg+core@0.12.10\node_modules\@ffmpeg\core
≡ƒôé Using source directory: C:\Users\yanie\Desktop\qcut-fresh\qcut\node_modules\.bun\@ffmpeg+core@0.12.10\node_modules\@ffmpeg\core\dist\esm
Γ£à Copied: ffmpeg-core.js ΓåÆ apps/web/public/ffmpeg
Γ£à Copied: ffmpeg-core.js ΓåÆ electron/resources/ffmpeg
Γ£à Copied: ffmpeg-core.wasm ΓåÆ apps/web/public/ffmpeg
Γ£à Copied: ffmpeg-core.wasm ΓåÆ electron/resources/ffmpeg
≡ƒÄë FFmpeg setup completed successfully!
≡ƒôì Web files: apps/web/public/ffmpeg
≡ƒôì Electron files: electron/resources/ffmpeg
Γä╣∩╕Å  Files excluded from git via .gitignore patterns
$ bun scripts/sync-skills.ts
≡ƒôª Syncing skills from .claude/skills/ ΓåÆ resources/default-skills/
Γ£à Synced: ai-content-pipeline
Γ£à Synced: ffmpeg-skill
Γ£à Synced: organize-project
Γ£¿ Skills sync complete!
$ turbo run build
ΓÇó turbo 2.8.0
ΓÇó Packages in scope: @qcut/auth, @qcut/db, qcut
ΓÇó Running build in 3 packages
ΓÇó Remote caching disabled
qcut:build: cache hit, replaying logs 4913b36c4472feb9
qcut:build: $ tsc && vite build
qcut:build: [36mvite v7.1.3 [32mbuilding for production...[36m[39m
qcut:build: (node:96708) [MODULE_TYPELESS_PACKAGE_JSON] Warning: Module type of file:///C:/Users/yanie/Desktop/qcut-fresh/qcut/apps/web/postcss.config.ts?t=1769836600921 is not specified and it doesn't parse as CommonJS.
qcut:build: Reparsing as ES module because module syntax was detected. This incurs a performance overhead.
qcut:build: To eliminate this warning, add "type": "module" to C:\Users\yanie\Desktop\qcut-fresh\qcut\apps\web\package.json.
qcut:build: (Use `node --trace-warnings ...` to show where the warning was created)
qcut:build: Generated route tree in 927ms
qcut:build: transforming...
qcut:build: (node:96708) [MODULE_TYPELESS_PACKAGE_JSON] Warning: Module type of file:///C:/Users/yanie/Desktop/qcut-fresh/qcut/apps/web/postcss.config.ts?t=1769836611556 is not specified and it doesn't parse as CommonJS.
qcut:build: Reparsing as ES module because module syntax was detected. This incurs a performance overhead.
qcut:build: To eliminate this warning, add "type": "module" to C:\Users\yanie\Desktop\qcut-fresh\qcut\apps\web\package.json.
qcut:build: (Use `node --trace-warnings ...` to show where the warning was created)
qcut:build: [32mΓ£ô[39m 3338 modules transformed.
qcut:build: rendering chunks...
qcut:build: [33m[plugin vite:reporter] 
qcut:build: (!) C:/Users/yanie/Desktop/qcut-fresh/qcut/apps/web/src/stores/media-store-loader.ts is dynamically imported by C:/Users/yanie/Desktop/qcut-fresh/qcut/apps/web/src/stores/timeline-store.ts, C:/Users/yanie/Desktop/qcut-fresh/qcut/apps/web/src/stores/timeline-store.ts but also statically imported by C:/Users/yanie/Desktop/qcut-fresh/qcut/apps/web/src/hooks/use-aspect-ratio.ts, C:/Users/yanie/Desktop/qcut-fresh/qcut/apps/web/src/hooks/use-async-media-store.ts, C:/Users/yanie/Desktop/qcut-fresh/qcut/apps/web/src/lib/media-processing.ts, C:/Users/yanie/Desktop/qcut-fresh/qcut/apps/web/src/stores/project-store.ts, dynamic import will not move module into another chunk.
qcut:build: [39m
qcut:build: [33m[plugin vite:reporter] 
qcut:build: (!) C:/Users/yanie/Desktop/qcut-fresh/qcut/apps/web/src/stores/project-store.ts is dynamically imported by C:/Users/yanie/Desktop/qcut-fresh/qcut/apps/web/src/hooks/use-save-on-visibility-change.ts, C:/Users/yanie/Desktop/qcut-fresh/qcut/apps/web/src/lib/sticker-persistence-debug.ts, C:/Users/yanie/Desktop/qcut-fresh/qcut/apps/web/src/lib/sticker-persistence-debug.ts, C:/Users/yanie/Desktop/qcut-fresh/qcut/apps/web/src/lib/sticker-persistence-debug.ts, C:/Users/yanie/Desktop/qcut-fresh/qcut/apps/web/src/stores/media-store.ts, C:/Users/yanie/Desktop/qcut-fresh/qcut/apps/web/src/stores/media-store.ts, C:/Users/yanie/Desktop/qcut-fresh/qcut/apps/web/src/stores/media-store.ts, C:/Users/yanie/Desktop/qcut-fresh/qcut/apps/web/src/stores/media-store.ts, C:/Users/yanie/Desktop/qcut-fresh/qcut/apps/web/src/stores/media-store.ts, C:/Users/yanie/Desktop/qcut-fresh/qcut/apps/web/src/stores/media-store.ts, C:/Users/yanie/Desktop/qcut-fresh/qcut/apps/web/src/stores/media-store.ts, C:/Users/yanie/Desktop/qcut-fresh/qcut/apps/web/src/stores/stickers-overlay-store.ts, C:/Users/yanie/Desktop/qcut-fresh/qcut/apps/web/src/stores/timeline-store.ts, C:/Users/yanie/Desktop/qcut-fresh/qcut/apps/web/src/stores/timeline-store.ts, C:/Users/yanie/Desktop/qcut-fresh/qcut/apps/web/src/stores/timeline-store.ts, C:/Users/yanie/Desktop/qcut-fresh/qcut/apps/web/src/stores/timeline-store.ts, C:/Users/yanie/Desktop/qcut-fresh/qcut/apps/web/src/stores/timeline-store.ts, C:/Users/yanie/Desktop/qcut-fresh/qcut/apps/web/src/stores/timeline-store.ts, C:/Users/yanie/Desktop/qcut-fresh/qcut/apps/web/src/stores/timeline/persistence.ts, C:/Users/yanie/Desktop/qcut-fresh/qcut/apps/web/src/stores/timeline/persistence.ts, C:/Users/yanie/Desktop/qcut-fresh/qcut/apps/web/src/stores/timeline/persistence.ts, C:/Users/yanie/Desktop/qcut-fresh/qcut/apps/web/src/stores/timeline/persistence.ts, C:/Users/yanie/Desktop/qcut-fresh/qcut/apps/web/src/utils/lazy-stores.ts, C:/Users/yanie/Desktop/qcut-fresh/qcut/apps/web/src/utils/lazy-stores.ts but also statically imported by C:/Users/yanie/Desktop/qcut-fresh/qcut/apps/web/src/components/background-settings.tsx, C:/Users/yanie/Desktop/qcut-fresh/qcut/apps/web/src/components/editor-header.tsx, C:/Users/yanie/Desktop/qcut-fresh/qcut/apps/web/src/components/editor/draw/canvas/drawing-canvas.tsx, C:/Users/yanie/Desktop/qcut-fresh/qcut/apps/web/src/components/editor/draw/components/canvas-toolbar.tsx, C:/Users/yanie/Desktop/qcut-fresh/qcut/apps/web/src/components/editor/draw/components/saved-drawings.tsx, C:/Users/yanie/Desktop/qcut-fresh/qcut/apps/web/src/components/editor/draw/utils/timeline-integration.ts, C:/Users/yanie/Desktop/qcut-fresh/qcut/apps/web/src/components/editor/media-panel/import-skill-dialog.tsx, C:/Users/yanie/Desktop/qcut-fresh/qcut/apps/web/src/components/editor/media-panel/skill-card.tsx, C:/Users/yanie/Desktop/qcut-fresh/qcut/apps/web/src/components/editor/media-panel/views/ai/index.tsx, C:/Users/yanie/Desktop/qcut-fresh/qcut/apps/web/src/components/editor/media-panel/views/media.tsx, C:/Users/yanie/Desktop/qcut-fresh/qcut/apps/web/src/components/editor/media-panel/views/remotion/index.tsx, C:/Users/yanie/Desktop/qcut-fresh/qcut/apps/web/src/components/editor/media-panel/views/skills.tsx, C:/Users/yanie/Desktop/qcut-fresh/qcut/apps/web/src/components/editor/media-panel/views/stickers.tsx, C:/Users/yanie/Desktop/qcut-fresh/qcut/apps/web/src/components/editor/media-panel/views/video-edit-audio-gen.tsx, C:/Users/yanie/Desktop/qcut-fresh/qcut/apps/web/src/components/editor/media-panel/views/video-edit-audio-sync.tsx, C:/Users/yanie/Desktop/qcut-fresh/qcut/apps/web/src/components/editor/media-panel/views/video-edit-upscale.tsx, C:/Users/yanie/Desktop/qcut-fresh/qcut/apps/web/src/components/editor/preview-panel-components.tsx, C:/Users/yanie/Desktop/qcut-fresh/qcut/apps/web/src/components/editor/preview-panel.tsx, C:/Users/yanie/Desktop/qcut-fresh/qcut/apps/web/src/components/editor/properties-panel/index.tsx, C:/Users/yanie/Desktop/qcut-fresh/qcut/apps/web/src/components/editor/properties-panel/settings-view.tsx, C:/Users/yanie/Desktop/qcut-fresh/qcut/apps/web/src/components/editor/stickers-overlay/AutoSave.tsx, C:/Users/yanie/Desktop/qcut-fresh/qcut/apps/web/src/components/editor/stickers-overlay/StickerCanvas.tsx, C:/Users/yanie/Desktop/qcut-fresh/qcut/apps/web/src/components/editor/timeline/index.tsx, C:/Users/yanie/Desktop/qcut-fresh/qcut/apps/web/src/components/editor/timeline/timeline-track.tsx, C:/Users/yanie/Desktop/qcut-fresh/qcut/apps/web/src/components/providers/migrators/scenes-migrator.tsx, C:/Users/yanie/Desktop/qcut-fresh/qcut/apps/web/src/components/storage-provider.tsx, C:/Users/yanie/Desktop/qcut-fresh/qcut/apps/web/src/hooks/use-editor-actions.ts, C:/Users/yanie/Desktop/qcut-fresh/qcut/apps/web/src/hooks/use-skill-runner.ts, C:/Users/yanie/Desktop/qcut-fresh/qcut/apps/web/src/hooks/use-timeline-playhead.ts, C:/Users/yanie/Desktop/qcut-fresh/qcut/apps/web/src/routes/editor.$project_id.lazy.tsx, C:/Users/yanie/Desktop/qcut-fresh/qcut/apps/web/src/routes/projects.lazy.tsx, C:/Users/yanie/Desktop/qcut-fresh/qcut/apps/web/src/stores/playback-store.ts, C:/Users/yanie/Desktop/qcut-fresh/qcut/apps/web/src/stores/scene-store.ts, C:/Users/yanie/Desktop/qcut-fresh/qcut/apps/web/src/stores/sounds-store.ts, dynamic import will not move module into another chunk.
qcut:build: [39m
qcut:build: [33m[plugin vite:reporter] 
qcut:build: (!) C:/Users/yanie/Desktop/qcut-fresh/qcut/apps/web/src/stores/timeline-store.ts is dynamically imported by C:/Users/yanie/Desktop/qcut-fresh/qcut/apps/web/src/hooks/use-save-on-visibility-change.ts, C:/Users/yanie/Desktop/qcut-fresh/qcut/apps/web/src/lib/export-engine-cli.ts, C:/Users/yanie/Desktop/qcut-fresh/qcut/apps/web/src/lib/sticker-test-helper.ts, C:/Users/yanie/Desktop/qcut-fresh/qcut/apps/web/src/lib/timeline-sticker-integration.ts, C:/Users/yanie/Desktop/qcut-fresh/qcut/apps/web/src/lib/timeline-sticker-integration.ts, C:/Users/yanie/Desktop/qcut-fresh/qcut/apps/web/src/stores/project-store.ts, C:/Users/yanie/Desktop/qcut-fresh/qcut/apps/web/src/stores/project-store.ts, C:/Users/yanie/Desktop/qcut-fresh/qcut/apps/web/src/stores/project-store.ts, C:/Users/yanie/Desktop/qcut-fresh/qcut/apps/web/src/stores/project-store.ts, C:/Users/yanie/Desktop/qcut-fresh/qcut/apps/web/src/stores/stickers-overlay-store.ts, C:/Users/yanie/Desktop/qcut-fresh/qcut/apps/web/src/utils/lazy-stores.ts, C:/Users/yanie/Desktop/qcut-fresh/qcut/apps/web/src/utils/lazy-stores.ts but also statically imported by C:/Users/yanie/Desktop/qcut-fresh/qcut/apps/web/src/components/editor-header.tsx, C:/Users/yanie/Desktop/qcut-fresh/qcut/apps/web/src/components/editor/auto-save-indicator.tsx, C:/Users/yanie/Desktop/qcut-fresh/qcut/apps/web/src/components/editor/draw/utils/timeline-integration.ts, C:/Users/yanie/Desktop/qcut-fresh/qcut/apps/web/src/components/editor/media-panel/views/captions.tsx, C:/Users/yanie/Desktop/qcut-fresh/qcut/apps/web/src/components/editor/media-panel/views/effects.tsx, C:/Users/yanie/Desktop/qcut-fresh/qcut/apps/web/src/components/editor/media-panel/views/media.tsx, C:/Users/yanie/Desktop/qcut-fresh/qcut/apps/web/src/components/editor/media-panel/views/remotion/index.tsx, C:/Users/yanie/Desktop/qcut-fresh/qcut/apps/web/src/components/editor/media-panel/views/text.tsx, C:/Users/yanie/Desktop/qcut-fresh/qcut/apps/web/src/components/editor/preview-panel.tsx, C:/Users/yanie/Desktop/qcut-fresh/qcut/apps/web/src/components/editor/properties-panel/index.tsx, C:/Users/yanie/Desktop/qcut-fresh/qcut/apps/web/src/components/editor/properties-panel/remotion-properties.tsx, C:/Users/yanie/Desktop/qcut-fresh/qcut/apps/web/src/components/editor/properties-panel/text-properties.tsx, C:/Users/yanie/Desktop/qcut-fresh/qcut/apps/web/src/components/editor/properties-panel/transform-properties.tsx, C:/Users/yanie/Desktop/qcut-fresh/qcut/apps/web/src/components/editor/properties-panel/volume-control.tsx, C:/Users/yanie/Desktop/qcut-fresh/qcut/apps/web/src/components/editor/timeline/index.tsx, C:/Users/yanie/Desktop/qcut-fresh/qcut/apps/web/src/components/editor/timeline/timeline-element.tsx, C:/Users/yanie/Desktop/qcut-fresh/qcut/apps/web/src/components/editor/timeline/timeline-track.tsx, C:/Users/yanie/Desktop/qcut-fresh/qcut/apps/web/src/components/export-dialog.tsx, C:/Users/yanie/Desktop/qcut-fresh/qcut/apps/web/src/hooks/use-aspect-ratio.ts, C:/Users/yanie/Desktop/qcut-fresh/qcut/apps/web/src/hooks/use-editor-actions.ts, C:/Users/yanie/Desktop/qcut-fresh/qcut/apps/web/src/hooks/use-export-progress.ts, C:/Users/yanie/Desktop/qcut-fresh/qcut/apps/web/src/hooks/use-export-settings.ts, C:/Users/yanie/Desktop/qcut-fresh/qcut/apps/web/src/hooks/use-playback-controls.ts, C:/Users/yanie/Desktop/qcut-fresh/qcut/apps/web/src/hooks/use-timeline-element-resize.ts, C:/Users/yanie/Desktop/qcut-fresh/qcut/apps/web/src/routes/projects.lazy.tsx, C:/Users/yanie/Desktop/qcut-fresh/qcut/apps/web/src/stores/media-store.ts, C:/Users/yanie/Desktop/qcut-fresh/qcut/apps/web/src/stores/playback-store.ts, C:/Users/yanie/Desktop/qcut-fresh/qcut/apps/web/src/stores/scene-store.ts, C:/Users/yanie/Desktop/qcut-fresh/qcut/apps/web/src/stores/sounds-store.ts, dynamic import will not move module into another chunk.
qcut:build: [39m
qcut:build: [33m[plugin vite:reporter] 
qcut:build: (!) C:/Users/yanie/Desktop/qcut-fresh/qcut/apps/web/src/stores/media-store.ts is dynamically imported by C:/Users/yanie/Desktop/qcut-fresh/qcut/apps/web/src/lib/export-engine-cli.ts, C:/Users/yanie/Desktop/qcut-fresh/qcut/apps/web/src/lib/sticker-persistence-debug.ts, C:/Users/yanie/Desktop/qcut-fresh/qcut/apps/web/src/lib/sticker-test-helper.ts, C:/Users/yanie/Desktop/qcut-fresh/qcut/apps/web/src/stores/media-store-loader.ts, C:/Users/yanie/Desktop/qcut-fresh/qcut/apps/web/src/stores/stickers-overlay-store.ts, C:/Users/yanie/Desktop/qcut-fresh/qcut/apps/web/src/utils/lazy-stores.ts, C:/Users/yanie/Desktop/qcut-fresh/qcut/apps/web/src/utils/lazy-stores.ts but also statically imported by C:/Users/yanie/Desktop/qcut-fresh/qcut/apps/web/src/components/editor/draw/utils/timeline-integration.ts, C:/Users/yanie/Desktop/qcut-fresh/qcut/apps/web/src/components/editor/media-panel/views/stickers.tsx, C:/Users/yanie/Desktop/qcut-fresh/qcut/apps/web/src/lib/export-engine.ts, C:/Users/yanie/Desktop/qcut-fresh/qcut/apps/web/src/stores/sounds-store.ts, C:/Users/yanie/Desktop/qcut-fresh/qcut/apps/web/src/stores/timeline-store.ts, dynamic import will not move module into another chunk.
qcut:build: [39m
qcut:build: [33m[plugin vite:reporter] 
qcut:build: (!) C:/Users/yanie/Desktop/qcut-fresh/qcut/apps/web/src/stores/stickers-overlay-store.ts is dynamically imported by C:/Users/yanie/Desktop/qcut-fresh/qcut/apps/web/src/lib/export-cli/sources/sticker-sources.ts, C:/Users/yanie/Desktop/qcut-fresh/qcut/apps/web/src/lib/sticker-persistence-debug.ts, C:/Users/yanie/Desktop/qcut-fresh/qcut/apps/web/src/lib/sticker-persistence-debug.ts, C:/Users/yanie/Desktop/qcut-fresh/qcut/apps/web/src/lib/sticker-persistence-debug.ts, C:/Users/yanie/Desktop/qcut-fresh/qcut/apps/web/src/lib/sticker-test-helper.ts, C:/Users/yanie/Desktop/qcut-fresh/qcut/apps/web/src/stores/media-store.ts, C:/Users/yanie/Desktop/qcut-fresh/qcut/apps/web/src/stores/project-store.ts, C:/Users/yanie/Desktop/qcut-fresh/qcut/apps/web/src/stores/project-store.ts but also statically imported by C:/Users/yanie/Desktop/qcut-fresh/qcut/apps/web/src/components/editor/media-panel/views/media.tsx, C:/Users/yanie/Desktop/qcut-fresh/qcut/apps/web/src/components/editor/stickers-overlay/ResizeHandles.tsx, C:/Users/yanie/Desktop/qcut-fresh/qcut/apps/web/src/components/editor/stickers-overlay/StickerCanvas.tsx, C:/Users/yanie/Desktop/qcut-fresh/qcut/apps/web/src/components/editor/stickers-overlay/StickerControls.tsx, C:/Users/yanie/Desktop/qcut-fresh/qcut/apps/web/src/components/editor/stickers-overlay/StickerElement.tsx, C:/Users/yanie/Desktop/qcut-fresh/qcut/apps/web/src/components/editor/stickers-overlay/hooks/useStickerDrag.ts, C:/Users/yanie/Desktop/qcut-fresh/qcut/apps/web/src/lib/export-engine.ts, dynamic import will not move module into another chunk.
qcut:build: [39m
qcut:build: [33m[plugin vite:reporter] 
qcut:build: (!) C:/Users/yanie/Desktop/qcut-fresh/qcut/apps/web/src/lib/image-edit-client.ts is dynamically imported by C:/Users/yanie/Desktop/qcut-fresh/qcut/apps/web/src/components/editor/segmentation/index.tsx, C:/Users/yanie/Desktop/qcut-fresh/qcut/apps/web/src/lib/fal-ai-client.ts but also statically imported by C:/Users/yanie/Desktop/qcut-fresh/qcut/apps/web/src/components/editor/adjustment/index.tsx, C:/Users/yanie/Desktop/qcut-fresh/qcut/apps/web/src/components/editor/adjustment/model-selector.tsx, C:/Users/yanie/Desktop/qcut-fresh/qcut/apps/web/src/components/editor/adjustment/parameter-controls.tsx, C:/Users/yanie/Desktop/qcut-fresh/qcut/apps/web/src/components/editor/media-panel/views/use-upscale-generation.ts, C:/Users/yanie/Desktop/qcut-fresh/qcut/apps/web/src/stores/text2image-store.ts, dynamic import will not move module into another chunk.
qcut:build: [39m
qcut:build: [33m[plugin vite:reporter] 
qcut:build: (!) C:/Users/yanie/Desktop/qcut-fresh/qcut/apps/web/src/lib/fal-ai-client.ts is dynamically imported by C:/Users/yanie/Desktop/qcut-fresh/qcut/apps/web/src/stores/text2image-store.ts but also statically imported by C:/Users/yanie/Desktop/qcut-fresh/qcut/apps/web/src/components/editor/media-panel/views/ai/hooks/generation/model-handlers.ts, C:/Users/yanie/Desktop/qcut-fresh/qcut/apps/web/src/components/editor/media-panel/views/ai/hooks/use-ai-generation.ts, dynamic import will not move module into another chunk.
qcut:build: [39m
qcut:build: [33m[plugin vite:reporter] 
qcut:build: (!) C:/Users/yanie/Desktop/qcut-fresh/qcut/apps/web/src/stores/stickers-store.ts is dynamically imported by C:/Users/yanie/Desktop/qcut-fresh/qcut/apps/web/src/components/editor/timeline/index.tsx but also statically imported by C:/Users/yanie/Desktop/qcut-fresh/qcut/apps/web/src/components/editor/media-panel/views/stickers.tsx, dynamic import will not move module into another chunk.
qcut:build: [39m
qcut:build: computing gzip size...
qcut:build: [2mdist/[22m[32massets/worker-BAOIWoxA.js                        [39m[1m[2m    2.57 kB[22m[1m[22m
qcut:build: [2mdist/[22m[32mindex.html                                       [39m[1m[2m    5.19 kB[22m[1m[22m[2m Γöé gzip:   1.60 kB[22m
qcut:build: [2mdist/[22m[35massets/editor._project_id-CIwMdwZd.css           [39m[1m[2m    5.20 kB[22m[1m[22m[2m Γöé gzip:   1.91 kB[22m
qcut:build: [2mdist/[22m[35massets/index-Dvmf0q2O.css                        [39m[1m[2m  183.05 kB[22m[1m[22m[2m Γöé gzip:  25.80 kB[22m
qcut:build: [2mdist/[22m[36massets/effects-CLRdfWNI.js                       [39m[1m[2m    2.76 kB[22m[1m[22m[2m Γöé gzip:   1.38 kB[22m[2m Γöé map:     9.46 kB[22m
qcut:build: [2mdist/[22m[36massets/image-utils-Ci6PLNie.js                   [39m[1m[2m    3.00 kB[22m[1m[22m[2m Γöé gzip:   1.33 kB[22m[2m Γöé map:    15.43 kB[22m
qcut:build: [2mdist/[22m[36massets/index-Dctrsu-5.js                         [39m[1m[2m    3.18 kB[22m[1m[22m[2m Γöé gzip:   1.30 kB[22m[2m Γöé map:    17.43 kB[22m
qcut:build: [2mdist/[22m[36massets/scene-store-L5BOApsu.js                   [39m[1m[2m    3.88 kB[22m[1m[22m[2m Γöé gzip:   1.29 kB[22m[2m Γöé map:    16.42 kB[22m
qcut:build: [2mdist/[22m[36massets/timeline-sticker-integration-C5HT2bs3.js  [39m[1m[2m    4.74 kB[22m[1m[22m[2m Γöé gzip:   1.55 kB[22m[2m Γöé map:    15.92 kB[22m
qcut:build: [2mdist/[22m[36massets/skeleton-D5QqEf1y.js                      [39m[1m[2m    5.45 kB[22m[1m[22m[2m Γöé gzip:   1.80 kB[22m[2m Γöé map:    19.79 kB[22m
qcut:build: [2mdist/[22m[36massets/media-processing-kriI9PXJ.js              [39m[1m[2m    6.16 kB[22m[1m[22m[2m Γöé gzip:   2.30 kB[22m[2m Γöé map:    20.48 kB[22m
qcut:build: [2mdist/[22m[36massets/export-engine-optimized-EY-wd5mr.js       [39m[1m[2m    6.90 kB[22m[1m[22m[2m Γöé gzip:   2.53 kB[22m[2m Γöé map:    27.32 kB[22m
qcut:build: [2mdist/[22m[36massets/projects.lazy-IrTWaUDw.js                 [39m[1m[2m   10.25 kB[22m[1m[22m[2m Γöé gzip:   3.33 kB[22m[2m Γöé map:    33.92 kB[22m
qcut:build: [2mdist/[22m[36massets/ffmpeg-utils-DVF3_syO.js                  [39m[1m[2m   10.61 kB[22m[1m[22m[2m Γöé gzip:   3.84 kB[22m[2m Γöé map:    42.36 kB[22m
qcut:build: [2mdist/[22m[36massets/export-engine-factory-oe6MWj-g.js         [39m[1m[2m   10.72 kB[22m[1m[22m[2m Γöé gzip:   3.45 kB[22m[2m Γöé map:    29.99 kB[22m
qcut:build: [2mdist/[22m[36massets/export-engine-cli-BBCVCRvW.js             [39m[1m[2m   29.89 kB[22m[1m[22m[2m Γöé gzip:   9.92 kB[22m[2m Γöé map:   124.13 kB[22m
qcut:build: [2mdist/[22m[36massets/vendor-forms-CJNTK-m7.js                  [39m[1m[2m   53.12 kB[22m[1m[22m[2m Γöé gzip:  12.21 kB[22m[2m Γöé map:   223.39 kB[22m
qcut:build: [2mdist/[22m[36massets/vendor-ui-BeZQ0jA9.js                     [39m[1m[2m   71.86 kB[22m[1m[22m[2m Γöé gzip:  17.39 kB[22m[2m Γöé map:   241.05 kB[22m
qcut:build: [2mdist/[22m[36massets/index-CUAS8E3T.js                         [39m[1m[2m  137.74 kB[22m[1m[22m[2m Γöé gzip:  42.40 kB[22m[2m Γöé map: 4,398.71 kB[22m
qcut:build: [2mdist/[22m[36massets/vendor-react-B-pdsXZb.js                  [39m[1m[2m  299.37 kB[22m[1m[22m[2m Γöé gzip:  94.61 kB[22m[2m Γöé map: 1,127.79 kB[22m
qcut:build: [2mdist/[22m[36massets/vendor-markdown--JO4nJFO.js               [39m[1m[2m  323.65 kB[22m[1m[22m[2m Γöé gzip: 100.77 kB[22m[2m Γöé map: 1,451.84 kB[22m
qcut:build: [2mdist/[22m[36massets/vendor-motion-D4maNfDa.js                 [39m[1m[2m  697.06 kB[22m[1m[22m[2m Γöé gzip: 211.16 kB[22m[2m Γöé map: 3,137.74 kB[22m
qcut:build: [2mdist/[22m[36massets/editor._project_id.lazy-_Sg5Kmmj.js       [39m[1m[33m1,671.70 kB[39m[22m[2m Γöé gzip: 434.19 kB[22m[2m Γöé map: 5,486.72 kB[22m
qcut:build: [33m
qcut:build: (!) Some chunks are larger than 1000 kB after minification. Consider:
qcut:build: - Using dynamic import() to code-split the application
qcut:build: - Use build.rollupOptions.output.manualChunks to improve chunking: https://rollupjs.org/configuration-options/#output-manualchunks
qcut:build: - Adjust chunk size limit for this warning via build.chunkSizeWarningLimit.[39m
qcut:build: [32mΓ£ô built in 25.58s[39m

 Tasks:    1 successful, 1 total
Cached:    1 cached, 1 total
  Time:    257ms >>> FULL TURBO

